#-----------------------------------------------------------
# Vivado v2023.1 (64-bit)
# SW Build 3865809 on Sun May  7 15:05:29 MDT 2023
# IP Build 3864474 on Sun May  7 20:36:21 MDT 2023
# SharedData Build 3865790 on Sun May 07 13:33:03 MDT 2023
# Start of session at: Thu Oct 23 13:39:51 2025
# Process ID: 59376
# Current directory: D:/UNB_HD/TCC/transceptorUWB/Basys3_UWB_PHY
# Command line: vivado.exe -gui_launcher_event rodinguilauncherevent74528 D:\UNB_HD\TCC\transceptorUWB\Basys3_UWB_PHY\Basys3_UWB_PHY.xpr
# Log file: D:/UNB_HD/TCC/transceptorUWB/Basys3_UWB_PHY/vivado.log
# Journal file: D:/UNB_HD/TCC/transceptorUWB/Basys3_UWB_PHY\vivado.jou
# Running On: DESKTOP-2O6GH5E, OS: Windows, CPU Frequency: 2808 MHz, CPU Physical cores: 4, Host memory: 17039 MB
#-----------------------------------------------------------
start_gui
open_project D:/UNB_HD/TCC/transceptorUWB/Basys3_UWB_PHY/Basys3_UWB_PHY.xpr
update_compile_order -fileset sources_1
reset_run synth_1
reset_run impl_1
launch_runs impl_1 -jobs 4
wait_on_run impl_1
