generic_baseblocks_v2_1_0_mux_enc__parameterized1: 
logic__51: 
logic__38: 
logic__16: 
design_1_xbar_0: 
logic__73: 
logic__40: 
logic__93: 
generic_baseblocks_v2_1_0_carry_and: 
axi_crossbar_v2_1_21_addr_arbiter_sasd: 
reg__19: 
logic__125: 
axi_crossbar_v2_1_21_crossbar_sasd: 
logic__33: 
axi_crossbar_v2_1_21_splitter__parameterized0: 
axi_crossbar_v2_1_21_splitter: 
logic__5: 
case__9: 
logic__26: 
reg__6: 
logic__54: 
logic__141: 
logic__63: 
reg__14: 
logic__117: 
axi_crossbar_v2_1_21_addr_decoder: 
logic__92: 
logic__59: 
case__3: 
axi_crossbar_v2_1_21_axi_crossbar: 
case__13: 
logic__83: 
logic__62: 
case__8: 
logic__101: 
reg__1: 
reg__17: 
generic_baseblocks_v2_1_0_mux_enc__parameterized0: 
logic__39: 
case__17: 
reg__18: 
logic__3: 
logic__114: 
logic__72: 
logic__137: 
case__4: 
logic__30: 
logic__56: 
logic__127: 
logic__115: 
case__18: 
logic__10: 
generic_baseblocks_v2_1_0_comparator_static: 
logic__4: 
logic__29: 
logic__128: 
logic__8: 
logic__34: 
reg__8: 
logic__105: 
logic__126: 
reg__10: 
logic__42: 
logic__27: 
reg__12: 
reg__20: 
generic_baseblocks_v2_1_0_mux_enc: 
case__6: 
reg__13: 
logic__28: 
generic_baseblocks_v2_1_0_mux_enc__parameterized2: 
case__11: 
reg__9: 
logic__55: 
case__1: 
logic__116: 
axi_register_slice_v2_1_20_axic_register_slice: 
logic__133: 
generic_baseblocks_v2_1_0_comparator_static__parameterized0: 
logic__35: 
reg__16: 
logic__37: 
logic__13: 
axi_crossbar_v2_1_21_decerr_slave: 
case: 
case__2: 
logic__129: 
logic__50: 
logic: 
case__15: 
logic__6: 
reg__21: 
logic__2: 
reg__5: 
logic__31: 
logic__47: 
logic__136: 
logic__1: 
logic__32: 
reg: 
logic__112: 
logic__64: 
case__5: 
logic__7: 
case__14: 
logic__65: 
logic__52: 
case__19: 
case__12: 
case__10: 
reg__4: 
reg__15: 
reg__11: 
reg__7: 
logic__71: 
logic__68: 
case__7: 
logic__91: 
reg__2: 
logic__131: 
logic__36: 
logic__132: 
logic__53: 
logic__118: 
logic__9: 
case__16: 
logic__130: 
logic__113: 
reg__3: 
logic__98: 
logic__84: 
