Copyright 1986-2022 Xilinx, Inc. All Rights Reserved. Copyright 2022-2023 Advanced Micro Devices, Inc. All Rights Reserved.
------------------------------------------------------------------------------------------------------------------------------------------------------------------------------------------------------------------
| Tool Version : Vivado v.2023.1 (win64) Build 3865809 Sun May  7 15:05:29 MDT 2023
| Date         : Thu Oct 23 14:32:36 2025
| Host         : DESKTOP-2O6GH5E running 64-bit major release  (build 9200)
| Command      : report_timing_summary -max_paths 10 -report_unconstrained -file uwb_phy_timing_summary_routed.rpt -pb uwb_phy_timing_summary_routed.pb -rpx uwb_phy_timing_summary_routed.rpx -warn_on_violation
| Design       : uwb_phy
| Device       : 7a35t-cpg236
| Speed File   : -1  PRODUCTION 1.23 2018-06-13
| Design State : Routed
------------------------------------------------------------------------------------------------------------------------------------------------------------------------------------------------------------------

Timing Summary Report

------------------------------------------------------------------------------------------------
| Timer Settings
| --------------
------------------------------------------------------------------------------------------------

  Enable Multi Corner Analysis               :  Yes
  Enable Pessimism Removal                   :  Yes
  Pessimism Removal Resolution               :  Nearest Common Node
  Enable Input Delay Default Clock           :  No
  Enable Preset / Clear Arcs                 :  No
  Disable Flight Delays                      :  No
  Ignore I/O Paths                           :  No
  Timing Early Launch at Borrowing Latches   :  No
  Borrow Time for Max Delay Exceptions       :  Yes
  Merge Timing Exceptions                    :  Yes

  Corner  Analyze    Analyze    
  Name    Max Paths  Min Paths  
  ------  ---------  ---------  
  Slow    Yes        Yes        
  Fast    Yes        Yes        


------------------------------------------------------------------------------------------------
| Report Methodology
| ------------------
------------------------------------------------------------------------------------------------

Rule       Severity          Description                     Violations  
---------  ----------------  ------------------------------  ----------  
TIMING-17  Critical Warning  Non-clocked sequential cell     1000        
TIMING-20  Warning           Non-clocked latch               4           
LATCH-1    Advisory          Existing latches in the design  1           

Note: This report is based on the most recent report_methodology run and may not be up-to-date. Run report_methodology on the current design for the latest report.



check_timing report

Table of Contents
-----------------
1. checking no_clock (8411)
2. checking constant_clock (0)
3. checking pulse_width_clock (0)
4. checking unconstrained_internal_endpoints (14393)
5. checking no_input_delay (4)
6. checking no_output_delay (2)
7. checking multiple_clock (0)
8. checking generated_clocks (0)
9. checking loops (0)
10. checking partial_input_delay (0)
11. checking partial_output_delay (0)
12. checking latch_loops (0)

1. checking no_clock (8411)
---------------------------
 There are 8402 register/latch pins with no clock driven by root clock pin: sck (HIGH)

 There are 2 register/latch pins with no clock driven by root clock pin: receiver1/receiver_a1/state_reg[0]/Q (HIGH)

 There are 2 register/latch pins with no clock driven by root clock pin: receiver1/receiver_a1/state_reg[1]/Q (HIGH)

 There are 2 register/latch pins with no clock driven by root clock pin: receiver1/receiver_a1/state_reg[2]/Q (HIGH)

 There is 1 register/latch pin with no clock driven by root clock pin: receiver1/receiver_b1/first_batch_reg/Q (HIGH)

 There is 1 register/latch pin with no clock driven by root clock pin: spi1/FSM_sequential_state_reg[1]/Q (HIGH)

 There is 1 register/latch pin with no clock driven by root clock pin: spi1/FSM_sequential_state_reg[2]/Q (HIGH)


2. checking constant_clock (0)
------------------------------
 There are 0 register/latch pins with constant_clock.


3. checking pulse_width_clock (0)
---------------------------------
 There are 0 register/latch pins which need pulse_width check


4. checking unconstrained_internal_endpoints (14393)
----------------------------------------------------
 There are 14393 pins that are not constrained for maximum delay. (HIGH)

 There are 0 pins that are not constrained for maximum delay due to constant clock.


5. checking no_input_delay (4)
------------------------------
 There are 4 input ports with no input delay specified. (HIGH)

 There are 0 input ports with no input delay but user has a false path constraint.


6. checking no_output_delay (2)
-------------------------------
 There are 2 ports with no output delay specified. (HIGH)

 There are 0 ports with no output delay but user has a false path constraint

 There are 0 ports with no output delay but with a timing clock defined on it or propagating through it


7. checking multiple_clock (0)
------------------------------
 There are 0 register/latch pins with multiple clocks.


8. checking generated_clocks (0)
--------------------------------
 There are 0 generated clocks that are not connected to a clock source.


9. checking loops (0)
---------------------
 There are 0 combinational loops in the design.


10. checking partial_input_delay (0)
------------------------------------
 There are 0 input ports with partial input delay specified.


11. checking partial_output_delay (0)
-------------------------------------
 There are 0 ports with partial output delay specified.


12. checking latch_loops (0)
----------------------------
 There are 0 combinational latch loops in the design through latch input



------------------------------------------------------------------------------------------------
| Design Timing Summary
| ---------------------
------------------------------------------------------------------------------------------------

    WNS(ns)      TNS(ns)  TNS Failing Endpoints  TNS Total Endpoints      WHS(ns)      THS(ns)  THS Failing Endpoints  THS Total Endpoints     WPWS(ns)     TPWS(ns)  TPWS Failing Endpoints  TPWS Total Endpoints  
    -------      -------  ---------------------  -------------------      -------      -------  ---------------------  -------------------     --------     --------  ----------------------  --------------------  
        inf        0.000                      0                14395          inf        0.000                      0                14395           NA           NA                      NA                    NA  


There are no user specified timing constraints.


------------------------------------------------------------------------------------------------
| Clock Summary
| -------------
------------------------------------------------------------------------------------------------


------------------------------------------------------------------------------------------------
| Intra Clock Table
| -----------------
------------------------------------------------------------------------------------------------

Clock             WNS(ns)      TNS(ns)  TNS Failing Endpoints  TNS Total Endpoints      WHS(ns)      THS(ns)  THS Failing Endpoints  THS Total Endpoints     WPWS(ns)     TPWS(ns)  TPWS Failing Endpoints  TPWS Total Endpoints  
-----             -------      -------  ---------------------  -------------------      -------      -------  ---------------------  -------------------     --------     --------  ----------------------  --------------------  


------------------------------------------------------------------------------------------------
| Inter Clock Table
| -----------------
------------------------------------------------------------------------------------------------

From Clock    To Clock          WNS(ns)      TNS(ns)  TNS Failing Endpoints  TNS Total Endpoints      WHS(ns)      THS(ns)  THS Failing Endpoints  THS Total Endpoints  
----------    --------          -------      -------  ---------------------  -------------------      -------      -------  ---------------------  -------------------  


------------------------------------------------------------------------------------------------
| Other Path Groups Table
| -----------------------
------------------------------------------------------------------------------------------------

Path Group    From Clock    To Clock          WNS(ns)      TNS(ns)  TNS Failing Endpoints  TNS Total Endpoints      WHS(ns)      THS(ns)  THS Failing Endpoints  THS Total Endpoints  
----------    ----------    --------          -------      -------  ---------------------  -------------------      -------      -------  ---------------------  -------------------  


------------------------------------------------------------------------------------------------
| User Ignored Path Table
| -----------------------
------------------------------------------------------------------------------------------------

Path Group    From Clock    To Clock    
----------    ----------    --------    


------------------------------------------------------------------------------------------------
| Unconstrained Path Table
| ------------------------
------------------------------------------------------------------------------------------------

Path Group    From Clock    To Clock    
----------    ----------    --------    
(none)                                    


------------------------------------------------------------------------------------------------
| Timing Details
| --------------
------------------------------------------------------------------------------------------------


--------------------------------------------------------------------------------------
Path Group:  (none)
From Clock:  
  To Clock:  

Max Delay         14395 Endpoints
Min Delay         14395 Endpoints
--------------------------------------------------------------------------------------


Max Delay Paths
--------------------------------------------------------------------------------------
Slack:                    inf
  Source:                 transmitter1/PSDU_size_counter_reg[2]/C
                            (rising edge-triggered cell FDRE)
  Destination:            serial_output
                            (output port)
  Path Group:             (none)
  Path Type:              Max at Slow Process Corner
  Data Path Delay:        23.970ns  (logic 5.913ns (24.668%)  route 18.057ns (75.332%))
  Logic Levels:           11  (FDRE=1 LUT6=4 MUXF7=3 MUXF8=2 OBUF=1)

    Location             Delay type                Incr(ns)  Path(ns)    Netlist Resource(s)
  -------------------------------------------------------------------    -------------------
    SLICE_X44Y57         FDRE                         0.000     0.000 r  transmitter1/PSDU_size_counter_reg[2]/C
    SLICE_X44Y57         FDRE (Prop_fdre_C_Q)         0.456     0.456 r  transmitter1/PSDU_size_counter_reg[2]/Q
                         net (fo=330, routed)        10.694    11.150    transmitter1/PSDU_out_reg/genblk1[1419].reg_d0/out[2]
    SLICE_X47Y31         MUXF7 (Prop_muxf7_S_O)       0.276    11.426 r  transmitter1/PSDU_out_reg/genblk1[1419].reg_d0/serial_output_OBUF_inst_i_540/O
                         net (fo=1, routed)           0.000    11.426    transmitter1/PSDU_out_reg/genblk1[1411].reg_d0/serial_output_OBUF_inst_i_83
    SLICE_X47Y31         MUXF8 (Prop_muxf8_I1_O)      0.094    11.520 r  transmitter1/PSDU_out_reg/genblk1[1411].reg_d0/serial_output_OBUF_inst_i_240/O
                         net (fo=1, routed)           0.895    12.415    transmitter1/PSDU_out_reg/genblk1[1459].reg_d0/serial_output_OBUF_inst_i_39_2
    SLICE_X48Y40         LUT6 (Prop_lut6_I5_O)        0.316    12.731 r  transmitter1/PSDU_out_reg/genblk1[1459].reg_d0/serial_output_OBUF_inst_i_83/O
                         net (fo=1, routed)           0.000    12.731    transmitter1/PSDU_out_reg/genblk1[1459].reg_d0/serial_output_OBUF_inst_i_83_n_0
    SLICE_X48Y40         MUXF7 (Prop_muxf7_I0_O)      0.212    12.943 r  transmitter1/PSDU_out_reg/genblk1[1459].reg_d0/serial_output_OBUF_inst_i_39/O
                         net (fo=1, routed)           0.000    12.943    transmitter1/PSDU_out_reg/genblk1[1331].reg_d0/serial_output_OBUF_inst_i_7
    SLICE_X48Y40         MUXF8 (Prop_muxf8_I1_O)      0.094    13.037 r  transmitter1/PSDU_out_reg/genblk1[1331].reg_d0/serial_output_OBUF_inst_i_17/O
                         net (fo=1, routed)           1.272    14.309    transmitter1/PSDU_out_reg/genblk1[1843].reg_d0/serial_output_OBUF_inst_i_4_0
    SLICE_X45Y53         LUT6 (Prop_lut6_I3_O)        0.316    14.625 r  transmitter1/PSDU_out_reg/genblk1[1843].reg_d0/serial_output_OBUF_inst_i_7/O
                         net (fo=1, routed)           0.000    14.625    transmitter1/PSDU_out_reg/genblk1[819].reg_d0/serial_output_OBUF_inst_i_3_0
    SLICE_X45Y53         MUXF7 (Prop_muxf7_I1_O)      0.217    14.842 r  transmitter1/PSDU_out_reg/genblk1[819].reg_d0/serial_output_OBUF_inst_i_4/O
                         net (fo=1, routed)           1.211    16.053    transmitter1/PSDU_out_reg/genblk1[819].reg_d0/serial_output_OBUF_inst_i_4_n_0
    SLICE_X46Y64         LUT6 (Prop_lut6_I0_O)        0.299    16.352 r  transmitter1/PSDU_out_reg/genblk1[819].reg_d0/serial_output_OBUF_inst_i_3/O
                         net (fo=1, routed)           1.421    17.772    transmitter1/PSDU_out_reg/genblk1[819].reg_d0/serial_output_OBUF_inst_i_3_n_0
    SLICE_X46Y93         LUT6 (Prop_lut6_I1_O)        0.124    17.896 r  transmitter1/PSDU_out_reg/genblk1[819].reg_d0/serial_output_OBUF_inst_i_1/O
                         net (fo=1, routed)           2.564    20.461    serial_output_OBUF
    H2                   OBUF (Prop_obuf_I_O)         3.509    23.970 r  serial_output_OBUF_inst/O
                         net (fo=0)                   0.000    23.970    serial_output
    H2                                                                r  serial_output (OUT)
  -------------------------------------------------------------------    -------------------

Slack:                    inf
  Source:                 transmitter1/FSM_onehot_state_reg[9]/C
                            (rising edge-triggered cell FDRE)
  Destination:            MPDU_reg/genblk1[117].reg_d0/q_reg[0]/D
  Path Group:             (none)
  Path Type:              Max at Slow Process Corner
  Data Path Delay:        21.007ns  (logic 1.178ns (5.608%)  route 19.829ns (94.392%))
  Logic Levels:           5  (FDRE=1 LUT4=1 LUT5=2 LUT6=1)

    Location             Delay type                Incr(ns)  Path(ns)    Netlist Resource(s)
  -------------------------------------------------------------------    -------------------
    SLICE_X45Y91         FDRE                         0.000     0.000 r  transmitter1/FSM_onehot_state_reg[9]/C
    SLICE_X45Y91         FDRE (Prop_fdre_C_Q)         0.456     0.456 r  transmitter1/FSM_onehot_state_reg[9]/Q
                         net (fo=7, routed)           1.014     1.470    transmitter1/FSM_onehot_state_reg_n_0_[9]
    SLICE_X45Y89         LUT6 (Prop_lut6_I4_O)        0.124     1.594 r  transmitter1/q[0]_i_10/O
                         net (fo=1, routed)           0.264     1.859    transmitter1/q[0]_i_10_n_0
    SLICE_X45Y89         LUT5 (Prop_lut5_I4_O)        0.124     1.983 r  transmitter1/q[0]_i_3__10/O
                         net (fo=3, routed)           1.216     3.198    spi1/sel_load_MPDU
    SLICE_X46Y94         LUT5 (Prop_lut5_I4_O)        0.146     3.344 r  spi1/q[0]_i_4__2/O
                         net (fo=2120, routed)       17.334    20.679    MPDU_reg/genblk1[116].reg_d0/load_MPDU
    SLICE_X62Y98         LUT4 (Prop_lut4_I1_O)        0.328    21.007 r  MPDU_reg/genblk1[116].reg_d0/q[0]_i_1__3843/O
                         net (fo=1, routed)           0.000    21.007    MPDU_reg/genblk1[117].reg_d0/q_reg[0]_2
    SLICE_X62Y98         FDRE                                         r  MPDU_reg/genblk1[117].reg_d0/q_reg[0]/D
  -------------------------------------------------------------------    -------------------

Slack:                    inf
  Source:                 transmitter1/FSM_onehot_state_reg[9]/C
                            (rising edge-triggered cell FDRE)
  Destination:            MPDU_reg/genblk1[121].reg_d0/q_reg[0]/D
  Path Group:             (none)
  Path Type:              Max at Slow Process Corner
  Data Path Delay:        21.003ns  (logic 1.178ns (5.609%)  route 19.825ns (94.391%))
  Logic Levels:           5  (FDRE=1 LUT4=1 LUT5=2 LUT6=1)

    Location             Delay type                Incr(ns)  Path(ns)    Netlist Resource(s)
  -------------------------------------------------------------------    -------------------
    SLICE_X45Y91         FDRE                         0.000     0.000 r  transmitter1/FSM_onehot_state_reg[9]/C
    SLICE_X45Y91         FDRE (Prop_fdre_C_Q)         0.456     0.456 r  transmitter1/FSM_onehot_state_reg[9]/Q
                         net (fo=7, routed)           1.014     1.470    transmitter1/FSM_onehot_state_reg_n_0_[9]
    SLICE_X45Y89         LUT6 (Prop_lut6_I4_O)        0.124     1.594 r  transmitter1/q[0]_i_10/O
                         net (fo=1, routed)           0.264     1.859    transmitter1/q[0]_i_10_n_0
    SLICE_X45Y89         LUT5 (Prop_lut5_I4_O)        0.124     1.983 r  transmitter1/q[0]_i_3__10/O
                         net (fo=3, routed)           1.216     3.198    spi1/sel_load_MPDU
    SLICE_X46Y94         LUT5 (Prop_lut5_I4_O)        0.146     3.344 r  spi1/q[0]_i_4__2/O
                         net (fo=2120, routed)       17.331    20.675    MPDU_reg/genblk1[120].reg_d0/load_MPDU
    SLICE_X63Y98         LUT4 (Prop_lut4_I1_O)        0.328    21.003 r  MPDU_reg/genblk1[120].reg_d0/q[0]_i_1__3841/O
                         net (fo=1, routed)           0.000    21.003    MPDU_reg/genblk1[121].reg_d0/q_reg[0]_2
    SLICE_X63Y98         FDRE                                         r  MPDU_reg/genblk1[121].reg_d0/q_reg[0]/D
  -------------------------------------------------------------------    -------------------

Slack:                    inf
  Source:                 transmitter1/FSM_onehot_state_reg[9]/C
                            (rising edge-triggered cell FDRE)
  Destination:            MPDU_reg/genblk1[119].reg_d0/q_reg[0]/D
  Path Group:             (none)
  Path Type:              Max at Slow Process Corner
  Data Path Delay:        20.972ns  (logic 1.178ns (5.617%)  route 19.794ns (94.383%))
  Logic Levels:           5  (FDRE=1 LUT4=1 LUT5=2 LUT6=1)

    Location             Delay type                Incr(ns)  Path(ns)    Netlist Resource(s)
  -------------------------------------------------------------------    -------------------
    SLICE_X45Y91         FDRE                         0.000     0.000 r  transmitter1/FSM_onehot_state_reg[9]/C
    SLICE_X45Y91         FDRE (Prop_fdre_C_Q)         0.456     0.456 r  transmitter1/FSM_onehot_state_reg[9]/Q
                         net (fo=7, routed)           1.014     1.470    transmitter1/FSM_onehot_state_reg_n_0_[9]
    SLICE_X45Y89         LUT6 (Prop_lut6_I4_O)        0.124     1.594 r  transmitter1/q[0]_i_10/O
                         net (fo=1, routed)           0.264     1.859    transmitter1/q[0]_i_10_n_0
    SLICE_X45Y89         LUT5 (Prop_lut5_I4_O)        0.124     1.983 r  transmitter1/q[0]_i_3__10/O
                         net (fo=3, routed)           1.216     3.198    spi1/sel_load_MPDU
    SLICE_X46Y94         LUT5 (Prop_lut5_I4_O)        0.146     3.344 r  spi1/q[0]_i_4__2/O
                         net (fo=2120, routed)       17.299    20.644    MPDU_reg/genblk1[118].reg_d0/load_MPDU
    SLICE_X62Y98         LUT4 (Prop_lut4_I1_O)        0.328    20.972 r  MPDU_reg/genblk1[118].reg_d0/q[0]_i_1__3842/O
                         net (fo=1, routed)           0.000    20.972    MPDU_reg/genblk1[119].reg_d0/q_reg[0]_2
    SLICE_X62Y98         FDRE                                         r  MPDU_reg/genblk1[119].reg_d0/q_reg[0]/D
  -------------------------------------------------------------------    -------------------

Slack:                    inf
  Source:                 transmitter1/FSM_onehot_state_reg[9]/C
                            (rising edge-triggered cell FDRE)
  Destination:            MPDU_reg/genblk1[118].reg_d0/q_reg[0]/D
  Path Group:             (none)
  Path Type:              Max at Slow Process Corner
  Data Path Delay:        20.970ns  (logic 1.178ns (5.617%)  route 19.792ns (94.383%))
  Logic Levels:           5  (FDRE=1 LUT4=1 LUT5=2 LUT6=1)

    Location             Delay type                Incr(ns)  Path(ns)    Netlist Resource(s)
  -------------------------------------------------------------------    -------------------
    SLICE_X45Y91         FDRE                         0.000     0.000 r  transmitter1/FSM_onehot_state_reg[9]/C
    SLICE_X45Y91         FDRE (Prop_fdre_C_Q)         0.456     0.456 r  transmitter1/FSM_onehot_state_reg[9]/Q
                         net (fo=7, routed)           1.014     1.470    transmitter1/FSM_onehot_state_reg_n_0_[9]
    SLICE_X45Y89         LUT6 (Prop_lut6_I4_O)        0.124     1.594 r  transmitter1/q[0]_i_10/O
                         net (fo=1, routed)           0.264     1.859    transmitter1/q[0]_i_10_n_0
    SLICE_X45Y89         LUT5 (Prop_lut5_I4_O)        0.124     1.983 r  transmitter1/q[0]_i_3__10/O
                         net (fo=3, routed)           1.216     3.198    spi1/sel_load_MPDU
    SLICE_X46Y94         LUT5 (Prop_lut5_I4_O)        0.146     3.344 r  spi1/q[0]_i_4__2/O
                         net (fo=2120, routed)       17.298    20.642    MPDU_reg/genblk1[117].reg_d0/load_MPDU
    SLICE_X62Y98         LUT4 (Prop_lut4_I1_O)        0.328    20.970 r  MPDU_reg/genblk1[117].reg_d0/q[0]_i_1__3961/O
                         net (fo=1, routed)           0.000    20.970    MPDU_reg/genblk1[118].reg_d0/q_reg[0]_2
    SLICE_X62Y98         FDRE                                         r  MPDU_reg/genblk1[118].reg_d0/q_reg[0]/D
  -------------------------------------------------------------------    -------------------

Slack:                    inf
  Source:                 transmitter1/FSM_onehot_state_reg[9]/C
                            (rising edge-triggered cell FDRE)
  Destination:            MPDU_reg/genblk1[125].reg_d0/q_reg[0]/D
  Path Group:             (none)
  Path Type:              Max at Slow Process Corner
  Data Path Delay:        20.877ns  (logic 1.178ns (5.643%)  route 19.699ns (94.357%))
  Logic Levels:           5  (FDRE=1 LUT4=1 LUT5=2 LUT6=1)

    Location             Delay type                Incr(ns)  Path(ns)    Netlist Resource(s)
  -------------------------------------------------------------------    -------------------
    SLICE_X45Y91         FDRE                         0.000     0.000 r  transmitter1/FSM_onehot_state_reg[9]/C
    SLICE_X45Y91         FDRE (Prop_fdre_C_Q)         0.456     0.456 r  transmitter1/FSM_onehot_state_reg[9]/Q
                         net (fo=7, routed)           1.014     1.470    transmitter1/FSM_onehot_state_reg_n_0_[9]
    SLICE_X45Y89         LUT6 (Prop_lut6_I4_O)        0.124     1.594 r  transmitter1/q[0]_i_10/O
                         net (fo=1, routed)           0.264     1.859    transmitter1/q[0]_i_10_n_0
    SLICE_X45Y89         LUT5 (Prop_lut5_I4_O)        0.124     1.983 r  transmitter1/q[0]_i_3__10/O
                         net (fo=3, routed)           1.216     3.198    spi1/sel_load_MPDU
    SLICE_X46Y94         LUT5 (Prop_lut5_I4_O)        0.146     3.344 r  spi1/q[0]_i_4__2/O
                         net (fo=2120, routed)       17.204    20.549    MPDU_reg/genblk1[124].reg_d0/load_MPDU
    SLICE_X64Y98         LUT4 (Prop_lut4_I1_O)        0.328    20.877 r  MPDU_reg/genblk1[124].reg_d0/q[0]_i_1__3839/O
                         net (fo=1, routed)           0.000    20.877    MPDU_reg/genblk1[125].reg_d0/q_reg[0]_2
    SLICE_X64Y98         FDRE                                         r  MPDU_reg/genblk1[125].reg_d0/q_reg[0]/D
  -------------------------------------------------------------------    -------------------

Slack:                    inf
  Source:                 transmitter1/FSM_onehot_state_reg[9]/C
                            (rising edge-triggered cell FDRE)
  Destination:            MPDU_reg/genblk1[124].reg_d0/q_reg[0]/D
  Path Group:             (none)
  Path Type:              Max at Slow Process Corner
  Data Path Delay:        20.858ns  (logic 1.178ns (5.648%)  route 19.680ns (94.352%))
  Logic Levels:           5  (FDRE=1 LUT4=1 LUT5=2 LUT6=1)

    Location             Delay type                Incr(ns)  Path(ns)    Netlist Resource(s)
  -------------------------------------------------------------------    -------------------
    SLICE_X45Y91         FDRE                         0.000     0.000 r  transmitter1/FSM_onehot_state_reg[9]/C
    SLICE_X45Y91         FDRE (Prop_fdre_C_Q)         0.456     0.456 r  transmitter1/FSM_onehot_state_reg[9]/Q
                         net (fo=7, routed)           1.014     1.470    transmitter1/FSM_onehot_state_reg_n_0_[9]
    SLICE_X45Y89         LUT6 (Prop_lut6_I4_O)        0.124     1.594 r  transmitter1/q[0]_i_10/O
                         net (fo=1, routed)           0.264     1.859    transmitter1/q[0]_i_10_n_0
    SLICE_X45Y89         LUT5 (Prop_lut5_I4_O)        0.124     1.983 r  transmitter1/q[0]_i_3__10/O
                         net (fo=3, routed)           1.216     3.198    spi1/sel_load_MPDU
    SLICE_X46Y94         LUT5 (Prop_lut5_I4_O)        0.146     3.344 r  spi1/q[0]_i_4__2/O
                         net (fo=2120, routed)       17.185    20.530    MPDU_reg/genblk1[123].reg_d0/load_MPDU
    SLICE_X64Y98         LUT4 (Prop_lut4_I1_O)        0.328    20.858 r  MPDU_reg/genblk1[123].reg_d0/q[0]_i_1__3964/O
                         net (fo=1, routed)           0.000    20.858    MPDU_reg/genblk1[124].reg_d0/q_reg[0]_2
    SLICE_X64Y98         FDRE                                         r  MPDU_reg/genblk1[124].reg_d0/q_reg[0]/D
  -------------------------------------------------------------------    -------------------

Slack:                    inf
  Source:                 transmitter1/FSM_onehot_state_reg[9]/C
                            (rising edge-triggered cell FDRE)
  Destination:            MPDU_reg/genblk1[116].reg_d0/q_reg[0]/D
  Path Group:             (none)
  Path Type:              Max at Slow Process Corner
  Data Path Delay:        20.792ns  (logic 1.178ns (5.666%)  route 19.614ns (94.334%))
  Logic Levels:           5  (FDRE=1 LUT4=1 LUT5=2 LUT6=1)

    Location             Delay type                Incr(ns)  Path(ns)    Netlist Resource(s)
  -------------------------------------------------------------------    -------------------
    SLICE_X45Y91         FDRE                         0.000     0.000 r  transmitter1/FSM_onehot_state_reg[9]/C
    SLICE_X45Y91         FDRE (Prop_fdre_C_Q)         0.456     0.456 r  transmitter1/FSM_onehot_state_reg[9]/Q
                         net (fo=7, routed)           1.014     1.470    transmitter1/FSM_onehot_state_reg_n_0_[9]
    SLICE_X45Y89         LUT6 (Prop_lut6_I4_O)        0.124     1.594 r  transmitter1/q[0]_i_10/O
                         net (fo=1, routed)           0.264     1.859    transmitter1/q[0]_i_10_n_0
    SLICE_X45Y89         LUT5 (Prop_lut5_I4_O)        0.124     1.983 r  transmitter1/q[0]_i_3__10/O
                         net (fo=3, routed)           1.216     3.198    spi1/sel_load_MPDU
    SLICE_X46Y94         LUT5 (Prop_lut5_I4_O)        0.146     3.344 r  spi1/q[0]_i_4__2/O
                         net (fo=2120, routed)       17.120    20.464    MPDU_reg/genblk1[115].reg_d0/load_MPDU
    SLICE_X62Y98         LUT4 (Prop_lut4_I1_O)        0.328    20.792 r  MPDU_reg/genblk1[115].reg_d0/q[0]_i_1__3960/O
                         net (fo=1, routed)           0.000    20.792    MPDU_reg/genblk1[116].reg_d0/q_reg[0]_2
    SLICE_X62Y98         FDRE                                         r  MPDU_reg/genblk1[116].reg_d0/q_reg[0]/D
  -------------------------------------------------------------------    -------------------

Slack:                    inf
  Source:                 transmitter1/FSM_onehot_state_reg[9]/C
                            (rising edge-triggered cell FDRE)
  Destination:            MPDU_reg/genblk1[120].reg_d0/q_reg[0]/D
  Path Group:             (none)
  Path Type:              Max at Slow Process Corner
  Data Path Delay:        20.781ns  (logic 1.178ns (5.669%)  route 19.603ns (94.331%))
  Logic Levels:           5  (FDRE=1 LUT4=1 LUT5=2 LUT6=1)

    Location             Delay type                Incr(ns)  Path(ns)    Netlist Resource(s)
  -------------------------------------------------------------------    -------------------
    SLICE_X45Y91         FDRE                         0.000     0.000 r  transmitter1/FSM_onehot_state_reg[9]/C
    SLICE_X45Y91         FDRE (Prop_fdre_C_Q)         0.456     0.456 r  transmitter1/FSM_onehot_state_reg[9]/Q
                         net (fo=7, routed)           1.014     1.470    transmitter1/FSM_onehot_state_reg_n_0_[9]
    SLICE_X45Y89         LUT6 (Prop_lut6_I4_O)        0.124     1.594 r  transmitter1/q[0]_i_10/O
                         net (fo=1, routed)           0.264     1.859    transmitter1/q[0]_i_10_n_0
    SLICE_X45Y89         LUT5 (Prop_lut5_I4_O)        0.124     1.983 r  transmitter1/q[0]_i_3__10/O
                         net (fo=3, routed)           1.216     3.198    spi1/sel_load_MPDU
    SLICE_X46Y94         LUT5 (Prop_lut5_I4_O)        0.146     3.344 r  spi1/q[0]_i_4__2/O
                         net (fo=2120, routed)       17.109    20.453    MPDU_reg/genblk1[119].reg_d0/load_MPDU
    SLICE_X63Y98         LUT4 (Prop_lut4_I1_O)        0.328    20.781 r  MPDU_reg/genblk1[119].reg_d0/q[0]_i_1__3962/O
                         net (fo=1, routed)           0.000    20.781    MPDU_reg/genblk1[120].reg_d0/q_reg[0]_2
    SLICE_X63Y98         FDRE                                         r  MPDU_reg/genblk1[120].reg_d0/q_reg[0]/D
  -------------------------------------------------------------------    -------------------

Slack:                    inf
  Source:                 transmitter1/FSM_onehot_state_reg[9]/C
                            (rising edge-triggered cell FDRE)
  Destination:            MPDU_reg/genblk1[808].reg_d0/q_reg[0]/D
  Path Group:             (none)
  Path Type:              Max at Slow Process Corner
  Data Path Delay:        20.755ns  (logic 1.178ns (5.676%)  route 19.577ns (94.324%))
  Logic Levels:           5  (FDRE=1 LUT4=1 LUT5=2 LUT6=1)

    Location             Delay type                Incr(ns)  Path(ns)    Netlist Resource(s)
  -------------------------------------------------------------------    -------------------
    SLICE_X45Y91         FDRE                         0.000     0.000 r  transmitter1/FSM_onehot_state_reg[9]/C
    SLICE_X45Y91         FDRE (Prop_fdre_C_Q)         0.456     0.456 r  transmitter1/FSM_onehot_state_reg[9]/Q
                         net (fo=7, routed)           1.014     1.470    transmitter1/FSM_onehot_state_reg_n_0_[9]
    SLICE_X45Y89         LUT6 (Prop_lut6_I4_O)        0.124     1.594 r  transmitter1/q[0]_i_10/O
                         net (fo=1, routed)           0.264     1.859    transmitter1/q[0]_i_10_n_0
    SLICE_X45Y89         LUT5 (Prop_lut5_I4_O)        0.124     1.983 r  transmitter1/q[0]_i_3__10/O
                         net (fo=3, routed)           1.216     3.198    spi1/sel_load_MPDU
    SLICE_X46Y94         LUT5 (Prop_lut5_I4_O)        0.146     3.344 r  spi1/q[0]_i_4__2/O
                         net (fo=2120, routed)       17.083    20.427    MPDU_reg/genblk1[807].reg_d0/load_MPDU
    SLICE_X54Y98         LUT4 (Prop_lut4_I1_O)        0.328    20.755 r  MPDU_reg/genblk1[807].reg_d0/q[0]_i_1__4306/O
                         net (fo=1, routed)           0.000    20.755    MPDU_reg/genblk1[808].reg_d0/q_reg[0]_2
    SLICE_X54Y98         FDRE                                         r  MPDU_reg/genblk1[808].reg_d0/q_reg[0]/D
  -------------------------------------------------------------------    -------------------





Min Delay Paths
--------------------------------------------------------------------------------------
Slack:                    inf
  Source:                 transmitter1/bch/d_reg[0]/C
                            (rising edge-triggered cell FDRE)
  Destination:            transmitter1/bch/d_reg[1]/D
  Path Group:             (none)
  Path Type:              Min at Fast Process Corner
  Data Path Delay:        0.197ns  (logic 0.141ns (71.611%)  route 0.056ns (28.389%))
  Logic Levels:           1  (FDRE=1)

    Location             Delay type                Incr(ns)  Path(ns)    Netlist Resource(s)
  -------------------------------------------------------------------    -------------------
    SLICE_X45Y92         FDRE                         0.000     0.000 r  transmitter1/bch/d_reg[0]/C
    SLICE_X45Y92         FDRE (Prop_fdre_C_Q)         0.141     0.141 r  transmitter1/bch/d_reg[0]/Q
                         net (fo=1, routed)           0.056     0.197    transmitter1/bch/d_reg_n_0_[0]
    SLICE_X45Y92         FDRE                                         r  transmitter1/bch/d_reg[1]/D
  -------------------------------------------------------------------    -------------------

Slack:                    inf
  Source:                 receiver1/receiver_b1/bch_intermediate_reg/genblk1[24].reg_d0/q_reg[0]/C
                            (rising edge-triggered cell FDRE)
  Destination:            receiver1/receiver_b1/bch_out_reg[24]/D
  Path Group:             (none)
  Path Type:              Min at Fast Process Corner
  Data Path Delay:        0.250ns  (logic 0.186ns (74.383%)  route 0.064ns (25.617%))
  Logic Levels:           2  (FDRE=1 LUT3=1)

    Location             Delay type                Incr(ns)  Path(ns)    Netlist Resource(s)
  -------------------------------------------------------------------    -------------------
    SLICE_X22Y103        FDRE                         0.000     0.000 r  receiver1/receiver_b1/bch_intermediate_reg/genblk1[24].reg_d0/q_reg[0]/C
    SLICE_X22Y103        FDRE (Prop_fdre_C_Q)         0.141     0.141 r  receiver1/receiver_b1/bch_intermediate_reg/genblk1[24].reg_d0/q_reg[0]/Q
                         net (fo=2, routed)           0.064     0.205    receiver1/receiver_b1/bch_intermediate_reg/genblk1[24].reg_d0/bch_intermediate_out[24]
    SLICE_X23Y103        LUT3 (Prop_lut3_I0_O)        0.045     0.250 r  receiver1/receiver_b1/bch_intermediate_reg/genblk1[24].reg_d0/bch_out[24]_i_1/O
                         net (fo=1, routed)           0.000     0.250    receiver1/receiver_b1/bch_intermediate_reg_n_25
    SLICE_X23Y103        FDRE                                         r  receiver1/receiver_b1/bch_out_reg[24]/D
  -------------------------------------------------------------------    -------------------

Slack:                    inf
  Source:                 MPDU_reg/genblk1[1416].reg_d0/q_reg[0]/C
                            (rising edge-triggered cell FDRE)
  Destination:            MPDU_reg/genblk1[1417].reg_d0/q_reg[0]/D
  Path Group:             (none)
  Path Type:              Min at Fast Process Corner
  Data Path Delay:        0.251ns  (logic 0.186ns (74.147%)  route 0.065ns (25.853%))
  Logic Levels:           2  (FDRE=1 LUT4=1)

    Location             Delay type                Incr(ns)  Path(ns)    Netlist Resource(s)
  -------------------------------------------------------------------    -------------------
    SLICE_X62Y69         FDRE                         0.000     0.000 r  MPDU_reg/genblk1[1416].reg_d0/q_reg[0]/C
    SLICE_X62Y69         FDRE (Prop_fdre_C_Q)         0.141     0.141 r  MPDU_reg/genblk1[1416].reg_d0/q_reg[0]/Q
                         net (fo=2, routed)           0.065     0.206    MPDU_reg/genblk1[1416].reg_d0/q_reg[0]_0
    SLICE_X63Y69         LUT4 (Prop_lut4_I0_O)        0.045     0.251 r  MPDU_reg/genblk1[1416].reg_d0/q[0]_i_1__3193/O
                         net (fo=1, routed)           0.000     0.251    MPDU_reg/genblk1[1417].reg_d0/q_reg[0]_2
    SLICE_X63Y69         FDRE                                         r  MPDU_reg/genblk1[1417].reg_d0/q_reg[0]/D
  -------------------------------------------------------------------    -------------------

Slack:                    inf
  Source:                 MPDU_reg/genblk1[1813].reg_d0/q_reg[0]/C
                            (rising edge-triggered cell FDRE)
  Destination:            MPDU_reg/genblk1[1814].reg_d0/q_reg[0]/D
  Path Group:             (none)
  Path Type:              Min at Fast Process Corner
  Data Path Delay:        0.251ns  (logic 0.186ns (74.086%)  route 0.065ns (25.914%))
  Logic Levels:           2  (FDRE=1 LUT4=1)

    Location             Delay type                Incr(ns)  Path(ns)    Netlist Resource(s)
  -------------------------------------------------------------------    -------------------
    SLICE_X44Y74         FDRE                         0.000     0.000 r  MPDU_reg/genblk1[1813].reg_d0/q_reg[0]/C
    SLICE_X44Y74         FDRE (Prop_fdre_C_Q)         0.141     0.141 r  MPDU_reg/genblk1[1813].reg_d0/q_reg[0]/Q
                         net (fo=2, routed)           0.065     0.206    MPDU_reg/genblk1[1813].reg_d0/q_reg[0]_0
    SLICE_X45Y74         LUT4 (Prop_lut4_I0_O)        0.045     0.251 r  MPDU_reg/genblk1[1813].reg_d0/q[0]_i_1__4809/O
                         net (fo=1, routed)           0.000     0.251    MPDU_reg/genblk1[1814].reg_d0/q_reg[0]_2
    SLICE_X45Y74         FDRE                                         r  MPDU_reg/genblk1[1814].reg_d0/q_reg[0]/D
  -------------------------------------------------------------------    -------------------

Slack:                    inf
  Source:                 MPDU_reg/genblk1[1892].reg_d0/q_reg[0]/C
                            (rising edge-triggered cell FDRE)
  Destination:            MPDU_reg/genblk1[1893].reg_d0/q_reg[0]/D
  Path Group:             (none)
  Path Type:              Min at Fast Process Corner
  Data Path Delay:        0.251ns  (logic 0.186ns (74.086%)  route 0.065ns (25.914%))
  Logic Levels:           2  (FDRE=1 LUT4=1)

    Location             Delay type                Incr(ns)  Path(ns)    Netlist Resource(s)
  -------------------------------------------------------------------    -------------------
    SLICE_X44Y68         FDRE                         0.000     0.000 r  MPDU_reg/genblk1[1892].reg_d0/q_reg[0]/C
    SLICE_X44Y68         FDRE (Prop_fdre_C_Q)         0.141     0.141 r  MPDU_reg/genblk1[1892].reg_d0/q_reg[0]/Q
                         net (fo=2, routed)           0.065     0.206    MPDU_reg/genblk1[1892].reg_d0/q_reg[0]_0
    SLICE_X45Y68         LUT4 (Prop_lut4_I0_O)        0.045     0.251 r  MPDU_reg/genblk1[1892].reg_d0/q[0]_i_1__2955/O
                         net (fo=1, routed)           0.000     0.251    MPDU_reg/genblk1[1893].reg_d0/q_reg[0]_2
    SLICE_X45Y68         FDRE                                         r  MPDU_reg/genblk1[1893].reg_d0/q_reg[0]/D
  -------------------------------------------------------------------    -------------------

Slack:                    inf
  Source:                 MPDU_reg/genblk1[686].reg_d0/q_reg[0]/C
                            (rising edge-triggered cell FDRE)
  Destination:            MPDU_reg/genblk1[687].reg_d0/q_reg[0]/D
  Path Group:             (none)
  Path Type:              Min at Fast Process Corner
  Data Path Delay:        0.251ns  (logic 0.186ns (74.042%)  route 0.065ns (25.958%))
  Logic Levels:           2  (FDRE=1 LUT4=1)

    Location             Delay type                Incr(ns)  Path(ns)    Netlist Resource(s)
  -------------------------------------------------------------------    -------------------
    SLICE_X51Y78         FDRE                         0.000     0.000 r  MPDU_reg/genblk1[686].reg_d0/q_reg[0]/C
    SLICE_X51Y78         FDRE (Prop_fdre_C_Q)         0.141     0.141 r  MPDU_reg/genblk1[686].reg_d0/q_reg[0]/Q
                         net (fo=2, routed)           0.065     0.206    MPDU_reg/genblk1[686].reg_d0/q_reg[0]_0
    SLICE_X50Y78         LUT4 (Prop_lut4_I0_O)        0.045     0.251 r  MPDU_reg/genblk1[686].reg_d0/q[0]_i_1__3558/O
                         net (fo=1, routed)           0.000     0.251    MPDU_reg/genblk1[687].reg_d0/q_reg[0]_2
    SLICE_X50Y78         FDRE                                         r  MPDU_reg/genblk1[687].reg_d0/q_reg[0]/D
  -------------------------------------------------------------------    -------------------

Slack:                    inf
  Source:                 MPDU_reg/genblk1[1158].reg_d0/q_reg[0]/C
                            (rising edge-triggered cell FDRE)
  Destination:            MPDU_reg/genblk1[1159].reg_d0/q_reg[0]/D
  Path Group:             (none)
  Path Type:              Min at Fast Process Corner
  Data Path Delay:        0.253ns  (logic 0.186ns (73.457%)  route 0.067ns (26.543%))
  Logic Levels:           2  (FDRE=1 LUT4=1)

    Location             Delay type                Incr(ns)  Path(ns)    Netlist Resource(s)
  -------------------------------------------------------------------    -------------------
    SLICE_X39Y75         FDRE                         0.000     0.000 r  MPDU_reg/genblk1[1158].reg_d0/q_reg[0]/C
    SLICE_X39Y75         FDRE (Prop_fdre_C_Q)         0.141     0.141 r  MPDU_reg/genblk1[1158].reg_d0/q_reg[0]/Q
                         net (fo=2, routed)           0.067     0.208    MPDU_reg/genblk1[1158].reg_d0/q_reg[0]_0
    SLICE_X38Y75         LUT4 (Prop_lut4_I0_O)        0.045     0.253 r  MPDU_reg/genblk1[1158].reg_d0/q[0]_i_1__3322/O
                         net (fo=1, routed)           0.000     0.253    MPDU_reg/genblk1[1159].reg_d0/q_reg[0]_1
    SLICE_X38Y75         FDRE                                         r  MPDU_reg/genblk1[1159].reg_d0/q_reg[0]/D
  -------------------------------------------------------------------    -------------------

Slack:                    inf
  Source:                 MPDU_reg/genblk1[1283].reg_d0/q_reg[0]/C
                            (rising edge-triggered cell FDRE)
  Destination:            MPDU_reg/genblk1[1284].reg_d0/q_reg[0]/D
  Path Group:             (none)
  Path Type:              Min at Fast Process Corner
  Data Path Delay:        0.253ns  (logic 0.186ns (73.457%)  route 0.067ns (26.543%))
  Logic Levels:           2  (FDRE=1 LUT4=1)

    Location             Delay type                Incr(ns)  Path(ns)    Netlist Resource(s)
  -------------------------------------------------------------------    -------------------
    SLICE_X43Y67         FDRE                         0.000     0.000 r  MPDU_reg/genblk1[1283].reg_d0/q_reg[0]/C
    SLICE_X43Y67         FDRE (Prop_fdre_C_Q)         0.141     0.141 r  MPDU_reg/genblk1[1283].reg_d0/q_reg[0]/Q
                         net (fo=2, routed)           0.067     0.208    MPDU_reg/genblk1[1283].reg_d0/q_reg[0]_0
    SLICE_X42Y67         LUT4 (Prop_lut4_I0_O)        0.045     0.253 r  MPDU_reg/genblk1[1283].reg_d0/q[0]_i_1__4544/O
                         net (fo=1, routed)           0.000     0.253    MPDU_reg/genblk1[1284].reg_d0/q_reg[0]_2
    SLICE_X42Y67         FDRE                                         r  MPDU_reg/genblk1[1284].reg_d0/q_reg[0]/D
  -------------------------------------------------------------------    -------------------

Slack:                    inf
  Source:                 MPDU_reg/genblk1[1532].reg_d0/q_reg[0]/C
                            (rising edge-triggered cell FDRE)
  Destination:            MPDU_reg/genblk1[1533].reg_d0/q_reg[0]/D
  Path Group:             (none)
  Path Type:              Min at Fast Process Corner
  Data Path Delay:        0.253ns  (logic 0.186ns (73.457%)  route 0.067ns (26.543%))
  Logic Levels:           2  (FDRE=1 LUT4=1)

    Location             Delay type                Incr(ns)  Path(ns)    Netlist Resource(s)
  -------------------------------------------------------------------    -------------------
    SLICE_X55Y66         FDRE                         0.000     0.000 r  MPDU_reg/genblk1[1532].reg_d0/q_reg[0]/C
    SLICE_X55Y66         FDRE (Prop_fdre_C_Q)         0.141     0.141 r  MPDU_reg/genblk1[1532].reg_d0/q_reg[0]/Q
                         net (fo=2, routed)           0.067     0.208    MPDU_reg/genblk1[1532].reg_d0/q_reg[0]_0
    SLICE_X54Y66         LUT4 (Prop_lut4_I0_O)        0.045     0.253 r  MPDU_reg/genblk1[1532].reg_d0/q[0]_i_1__3135/O
                         net (fo=1, routed)           0.000     0.253    MPDU_reg/genblk1[1533].reg_d0/q_reg[0]_2
    SLICE_X54Y66         FDRE                                         r  MPDU_reg/genblk1[1533].reg_d0/q_reg[0]/D
  -------------------------------------------------------------------    -------------------

Slack:                    inf
  Source:                 MPDU_reg/genblk1[546].reg_d0/q_reg[0]/C
                            (rising edge-triggered cell FDRE)
  Destination:            MPDU_reg/genblk1[547].reg_d0/q_reg[0]/D
  Path Group:             (none)
  Path Type:              Min at Fast Process Corner
  Data Path Delay:        0.253ns  (logic 0.186ns (73.457%)  route 0.067ns (26.543%))
  Logic Levels:           2  (FDRE=1 LUT4=1)

    Location             Delay type                Incr(ns)  Path(ns)    Netlist Resource(s)
  -------------------------------------------------------------------    -------------------
    SLICE_X55Y81         FDRE                         0.000     0.000 r  MPDU_reg/genblk1[546].reg_d0/q_reg[0]/C
    SLICE_X55Y81         FDRE (Prop_fdre_C_Q)         0.141     0.141 r  MPDU_reg/genblk1[546].reg_d0/q_reg[0]/Q
                         net (fo=2, routed)           0.067     0.208    MPDU_reg/genblk1[546].reg_d0/q_reg[0]_0
    SLICE_X54Y81         LUT4 (Prop_lut4_I0_O)        0.045     0.253 r  MPDU_reg/genblk1[546].reg_d0/q[0]_i_1__3628/O
                         net (fo=1, routed)           0.000     0.253    MPDU_reg/genblk1[547].reg_d0/q_reg[0]_2
    SLICE_X54Y81         FDRE                                         r  MPDU_reg/genblk1[547].reg_d0/q_reg[0]/D
  -------------------------------------------------------------------    -------------------





