Copyright 1986-2022 Xilinx, Inc. All Rights Reserved. Copyright 2022-2023 Advanced Micro Devices, Inc. All Rights Reserved.
---------------------------------------------------------------------------------------------------------------------------------------------
| Tool Version : Vivado v.2023.1 (win64) Build 3865809 Sun May  7 15:05:29 MDT 2023
| Date         : Fri Oct 17 18:47:22 2025
| Host         : DESKTOP-2O6GH5E running 64-bit major release  (build 9200)
| Command      : report_control_sets -verbose -file uwb_phy_control_sets_placed.rpt
| Design       : uwb_phy
| Device       : xc7a35t
---------------------------------------------------------------------------------------------------------------------------------------------

Control Set Information

Table of Contents
-----------------
1. Summary
2. Histogram
3. Flip-Flop Distribution
4. Detailed Control Set Information

1. Summary
----------

+----------------------------------------------------------+-------+
|                          Status                          | Count |
+----------------------------------------------------------+-------+
| Total control sets                                       |    52 |
|    Minimum number of control sets                        |    52 |
|    Addition due to synthesis replication                 |     0 |
|    Addition due to physical synthesis replication        |     0 |
| Unused register locations in slices containing registers |   130 |
+----------------------------------------------------------+-------+
* Control sets can be merged at opt_design using control_set_merge or merge_equivalent_drivers
** Run report_qor_suggestions for automated merging and remapping suggestions


2. Histogram
------------

+--------------------+-------+
|       Fanout       | Count |
+--------------------+-------+
| Total control sets |    52 |
| >= 0 to < 4        |     3 |
| >= 4 to < 6        |     7 |
| >= 6 to < 8        |     8 |
| >= 8 to < 10       |    12 |
| >= 10 to < 12      |     0 |
| >= 12 to < 14      |     9 |
| >= 14 to < 16      |     1 |
| >= 16              |    12 |
+--------------------+-------+
* Control sets can be remapped at either synth_design or opt_design


3. Flip-Flop Distribution
-------------------------

+--------------+-----------------------+------------------------+-----------------+--------------+
| Clock Enable | Synchronous Set/Reset | Asynchronous Set/Reset | Total Registers | Total Slices |
+--------------+-----------------------+------------------------+-----------------+--------------+
| No           | No                    | No                     |            5134 |         1547 |
| No           | No                    | Yes                    |               0 |            0 |
| No           | Yes                   | No                     |             406 |          178 |
| Yes          | No                    | No                     |             151 |           48 |
| Yes          | No                    | Yes                    |               0 |            0 |
| Yes          | Yes                   | No                     |            2715 |          540 |
+--------------+-----------------------+------------------------+-----------------+--------------+


4. Detailed Control Set Information
-----------------------------------

+---------------------------------------------------------------+---------------------------------------------------------------------------+----------------------------------------------------------------+------------------+----------------+--------------+
|                          Clock Signal                         |                               Enable Signal                               |                        Set/Reset Signal                        | Slice Load Count | Bel Load Count | Bels / Slice |
+---------------------------------------------------------------+---------------------------------------------------------------------------+----------------------------------------------------------------+------------------+----------------+--------------+
|  receiver1/receiver_b1/first_batch_reg_n_0                    |                                                                           | receiver1/receiver_b1/load_bch_reg_i_1_n_0                     |                1 |              1 |         1.00 |
|  spi1/start_transmitter_reg_i_2_n_0                           |                                                                           |                                                                |                1 |              1 |         1.00 |
|  receiver1/receiver_a1/load_deinterleaver_counter_reg_i_2_n_0 |                                                                           |                                                                |                1 |              2 |         2.00 |
|  sck_IBUF_BUFG                                                | transmitter1/hcs1/E[0]                                                    | transmitter1/sbch/SR[0]                                        |                1 |              4 |         4.00 |
|  sck_IBUF_BUFG                                                | receiver1/receiver_a1/hcs1/load_PHR                                       | receiver1/receiver_a1/hcs1/SS[0]                               |                1 |              4 |         4.00 |
|  sck_IBUF_BUFG                                                | receiver1/receiver_a1/shr_detector1/load_zero_counter                     | receiver1/receiver_a1/shr_detector1/zero_counter[3]_i_1__0_n_0 |                1 |              4 |         4.00 |
|  sck_IBUF_BUFG                                                | transmitter1/load_zero_addr                                               | transmitter1/clear_zero_addr                                   |                1 |              4 |         4.00 |
|  sck_IBUF_BUFG                                                | receiver1/receiver_a1/sBCH_counter                                        | receiver1/receiver_a1/sBCH_counter[3]_i_1_n_0                  |                1 |              4 |         4.00 |
|  sck_IBUF_BUFG                                                | transmitter1/hcs1/E[0]                                                    | transmitter1/clear_interleaver_counter_clone                   |                2 |              5 |         2.50 |
|  sck_IBUF_BUFG                                                | receiver1/receiver_a1/PHR_counter[4]_i_1__0_n_0                           | receiver1/receiver_a1/hcs1/SS[0]                               |                1 |              5 |         5.00 |
|  sck_IBUF_BUFG                                                | receiver1/receiver_b1/busy                                                | receiver1/receiver_b1/counter_bch[5]_i_1_n_0                   |                2 |              6 |         3.00 |
|  sck_IBUF_BUFG                                                | transmitter1/PHR_out_reg/genblk1[39].reg_d0/FSM_onehot_state_reg[9]       | transmitter1/clear_BCH                                         |                2 |              6 |         3.00 |
|  sck_IBUF_BUFG                                                | transmitter1/sbch/E[0]                                                    | transmitter1/clear_interleaver_counter_clone                   |                1 |              6 |         6.00 |
|  sck_IBUF_BUFG                                                | transmitter1/bch/E[0]                                                     | transmitter1/clear_BCH                                         |                2 |              6 |         3.00 |
|  sck_IBUF_BUFG                                                | receiver1/receiver_a1/shr_detector1/addr_symbol[5]_i_2_n_0                | receiver1/receiver_a1/shr_detector1/addr_symbol[5]_i_1_n_0     |                2 |              6 |         3.00 |
|  sck_IBUF_BUFG                                                | receiver1/receiver_b1/load_counter_bch_out                                | receiver1/receiver_b1/counter_bch_out[5]_i_1_n_0               |                2 |              6 |         3.00 |
|  sck_IBUF_BUFG                                                | transmitter1/load_addr_SHR                                                | transmitter1/clear_interleaver_counter_clone                   |                2 |              6 |         3.00 |
|  sck_IBUF_BUFG                                                | receiver1/receiver_a1/mac_length[6]_i_2_n_0                               | receiver1/receiver_a1/mac_length[6]_i_1_n_0                    |                2 |              7 |         3.50 |
|  sck_IBUF_BUFG                                                | transmitter1/interleaver1/size_mod                                        | transmitter1/interleaver1/input_counter[7]_i_1_n_0             |                2 |              8 |         4.00 |
|  sck_IBUF_BUFG                                                | transmitter1/interleaver_counter[7]_i_1_n_0                               | transmitter1/clear_interleaver_counter_clone                   |                3 |              8 |         2.67 |
|  sck_IBUF_BUFG                                                | receiver1/receiver_a1/deinterleaver1/counter[7]_i_1__0_n_0                | receiver1/receiver_a1/deinterleaver1/size_mod[7]_i_1__0_n_0    |                2 |              8 |         4.00 |
|  sck_IBUF_BUFG                                                | transmitter1/mac_length[7]_i_2_n_0                                        | transmitter1/mac_length[7]_i_1_n_0                             |                2 |              8 |         4.00 |
|  sck_IBUF_BUFG                                                | receiver1/receiver_a1/deinterleaver1/size_mod[7]_i_2_n_0                  | receiver1/receiver_a1/deinterleaver1/size_mod[7]_i_1__0_n_0    |                2 |              8 |         4.00 |
|  sck_IBUF_BUFG                                                | transmitter1/interleaver1/counter[7]_i_1_n_0                              | transmitter1/interleaver1/input_counter[7]_i_1_n_0             |                2 |              8 |         4.00 |
|  sck_IBUF_BUFG                                                | receiver1/receiver_a1/load_deinterleaver_counter                          | receiver1/receiver_a1/deinterleaver_counter[7]_i_1_n_0         |                3 |              8 |         2.67 |
|  sck_IBUF_BUFG                                                | receiver1/receiver_b1/busy                                                | receiver1/receiver_b1/counter_interleaver[7]_i_1_n_0           |                2 |              8 |         4.00 |
|  sck_IBUF_BUFG                                                | receiver1/receiver_a1/deinterleaver1/done                                 | receiver1/receiver_b1/bch_decoder1/syndrome_calc1/rst_n        |                2 |              8 |         4.00 |
|  sck_IBUF_BUFG                                                | spi1/cmd_reg[7]_i_2_n_0                                                   | spi1/cmd_reg[7]_i_1_n_0                                        |                2 |              8 |         4.00 |
|  sck_IBUF_BUFG                                                | transmitter1/bch/E[0]                                                     | transmitter1/clear_interleaver_counter_clone                   |                2 |              8 |         4.00 |
|  sck_IBUF_BUFG                                                | transmitter1/interleaver1/input_counter                                   | transmitter1/interleaver1/input_counter[7]_i_1_n_0             |                3 |              8 |         2.67 |
|  sck_IBUF_BUFG                                                | receiver1/receiver_a1/deinterleaver1/input_counter[7]_i_1__0_n_0          | receiver1/receiver_a1/deinterleaver1/size_mod[7]_i_1__0_n_0    |                6 |             12 |         2.00 |
|  sck_IBUF_BUFG                                                | receiver1/receiver_a1/PSDU_counter[0]_i_1__0_n_0                          | receiver1/receiver_a1/hcs1/SS[0]                               |                3 |             12 |         4.00 |
|  sck_IBUF_BUFG                                                | transmitter1/sbch/E[0]                                                    | transmitter1/sbch/SR[0]                                        |                2 |             12 |         6.00 |
|  sck_IBUF_BUFG                                                | receiver1/receiver_b1/bch_crc_intermediate_reg/genblk1[0].reg_d0/busy_reg |                                                                |                4 |             12 |         3.00 |
|  sck_IBUF_BUFG                                                | transmitter1/bch/E[0]                                                     | transmitter1/bch/d[11]_i_1__0_n_0                              |                2 |             12 |         6.00 |
|  sck_IBUF_BUFG                                                | spi1/tranceiver_counter[0]_i_1_n_0                                        | spi1/cmd_reg[7]_i_1_n_0                                        |                3 |             12 |         4.00 |
|  sck_IBUF_BUFG                                                | transmitter1/scrambler1/FSM_onehot_state_reg[3]                           | transmitter1/tx_counter                                        |                3 |             12 |         4.00 |
|  sck_IBUF_BUFG                                                | transmitter1/PSDU_out_reg/genblk1[2611].reg_d0/FSM_onehot_state_reg[6]    | transmitter1/clear_zero_addr                                   |                3 |             12 |         4.00 |
|  sck_IBUF_BUFG                                                | receiver1/receiver_b1/bch_crc_out[11]_i_1_n_0                             | receiver1/receiver_b1/bch_decoder1/syndrome_calc1/rst_n        |                4 |             12 |         3.00 |
|  sck_IBUF_BUFG                                                | transmitter1/scrambler1/d[13]_i_2_n_0                                     | receiver1/receiver_b1/bch_decoder1/syndrome_calc1/rst_n        |                3 |             14 |         4.67 |
|  sck_IBUF_BUFG                                                | receiver1/receiver_b1/bch_decoder1/syndrome_calc1/syndrome_1[5]_i_1_n_0   | receiver1/receiver_b1/bch_decoder1/syndrome_calc1/rst_n        |                9 |             18 |         2.00 |
|  sck_IBUF_BUFG                                                | receiver1/receiver_a1/counter_51                                          | receiver1/receiver_a1/hcs1/SS[0]                               |                6 |             22 |         3.67 |
|  sck_IBUF_BUFG                                                | spi1/FSM_sequential_state_reg[1]_0                                        |                                                                |                6 |             24 |         4.00 |
|  sck_IBUF_BUFG                                                | receiver1/receiver_a1/PHR_counter_reg[3]_0                                |                                                                |                7 |             24 |         3.43 |
|  sck_IBUF_BUFG                                                | transmitter1/load_PSDU_size_counter                                       | transmitter1/clear_interleaver_counter_clone                   |               13 |             27 |         2.08 |
|  sck_IBUF_BUFG                                                | transmitter1/PHR_out_reg/genblk1[0].reg_d0/FSM_onehot_state_reg[1]        |                                                                |               13 |             40 |         3.08 |
|  sck_IBUF_BUFG                                                | receiver1/receiver_b1/bch_out[50]_i_1_n_0                                 | receiver1/receiver_b1/bch_decoder1/syndrome_calc1/rst_n        |               21 |             51 |         2.43 |
|  sck_IBUF_BUFG                                                | receiver1/receiver_b1/bch_intermediate_reg/genblk1[0].reg_d0/busy_reg     |                                                                |               18 |             51 |         2.83 |
|  sck_IBUF_BUFG                                                | receiver1/receiver_b1/in_fifo[191]_i_1_n_0                                | receiver1/receiver_b1/bch_decoder1/syndrome_calc1/rst_n        |               35 |            192 |         5.49 |
|  sck_IBUF_BUFG                                                |                                                                           | receiver1/receiver_b1/bch_decoder1/syndrome_calc1/rst_n        |              177 |            405 |         2.29 |
|  sck_IBUF_BUFG                                                | spi1/FSM_sequential_state_reg[2]_0                                        | receiver1/receiver_b1/bch_decoder1/syndrome_calc1/rst_n        |              377 |           2120 |         5.62 |
|  sck_IBUF_BUFG                                                |                                                                           |                                                                |             1545 |           5131 |         3.32 |
+---------------------------------------------------------------+---------------------------------------------------------------------------+----------------------------------------------------------------+------------------+----------------+--------------+


