#-----------------------------------------------------------
# Vivado v2023.1 (64-bit)
# SW Build 3865809 on Sun May  7 15:05:29 MDT 2023
# IP Build 3864474 on Sun May  7 20:36:21 MDT 2023
# SharedData Build 3865790 on Sun May 07 13:33:03 MDT 2023
# Start of session at: Fri Oct 17 15:10:40 2025
# Process ID: 7068
# Current directory: D:/UNB_HD/TCC/transceptorUWB/UWB_PHY
# Command line: vivado.exe -gui_launcher_event rodinguilauncherevent5348 D:\UNB_HD\TCC\transceptorUWB\UWB_PHY\UWB_PHY.xpr
# Log file: D:/UNB_HD/TCC/transceptorUWB/UWB_PHY/vivado.log
# Journal file: D:/UNB_HD/TCC/transceptorUWB/UWB_PHY\vivado.jou
# Running On: DESKTOP-2O6GH5E, OS: Windows, CPU Frequency: 2808 MHz, CPU Physical cores: 4, Host memory: 17039 MB
#-----------------------------------------------------------
start_gui
open_project D:/UNB_HD/TCC/transceptorUWB/UWB_PHY/UWB_PHY.xpr
update_compile_order -fileset sources_1
# Disabling source management mode.  This is to allow the top design properties to be set without GUI intervention.
set_property source_mgmt_mode None [current_project]
set_property top uwb_phy_riscv [current_fileset]
# Re-enabling previously disabled source management mode.
set_property source_mgmt_mode All [current_project]
update_compile_order -fileset sources_1
launch_simulation
source uwb_phy_riscv_tb.tcl
relaunch_sim
current_wave_config {Untitled 1}
add_wave {{/uwb_phy_riscv_tb/uuv/receiver1/receiver_b1/busy}} 
relaunch_sim
relaunch_sim
relaunch_sim
run 10 us
run 10 us
launch_runs synth_1 -jobs 4
wait_on_run synth_1
set_property is_enabled false [get_files  D:/UNB_HD/TCC/transceptorUWB/UWB_PHY/UWB_PHY.srcs/sources_1/ip/vio_0/vio_0.xci]
set_property is_enabled false [get_files  D:/UNB_HD/TCC/transceptorUWB/UWB_PHY/UWB_PHY.srcs/sources_1/imports/src/uwb_phy.v]
reset_run synth_1
launch_runs synth_1 -jobs 4
wait_on_run synth_1
relaunch_sim
reset_run synth_1
launch_runs synth_1 -jobs 4
wait_on_run synth_1
relaunch_sim
relaunch_sim
close_sim
